
> fathom-elite@0.1.0 build
> next build

  Γû▓ Next.js 14.2.35
  - Environments: .env.local

   Creating an optimized production build ...
npm : Failed to 
compile.
At line:1 char:1
+ npm run build > 
build_output.log 2>&1
+ ~~~~~~~~~~~~~~~~~~~~~
~~~~~~~~~~~~~~~~
    + CategoryInfo     
     : NotSpecified: 
(Failed to 
compile.:String) [], 
RemoteException
    + 
FullyQualifiedErrorId 
: NativeCommandError
 

./src/components/admin/
AdminSidebar.tsx
Error: 
  [31mx[0m 
Unexpected token 
`aside`. Expected jsx 
identifier
    
,-[[36;1;4mC:\Users\Y 
AKBARI\OneDrive\Desktop
\projects\Fathom-re\fat
hom-elite\src\component
s\admin\AdminSidebar.ts
x[0m:38:1]
 [2m38[0m |   const 
initials = 
displayName.slice(0, 
2).toUpperCase();
 [2m39[0m | 
 [2m40[0m |   return 
(
 [2m41[0m |     
<aside 
className={`bg-primary 
flex flex-col h-full 
border-r 
border-[#222222] 
${className}`}>
    : [31;1m     
^^^^^[0m
 [2m42[0m |       
{/* Brand Header */}
 [2m43[0m |       
<div className="h-20 
flex items-center px-8 
border-b 
border-[#222222] 
shrink-0">
 [2m43[0m |         
<div className="flex 
items-center gap-3">
    `----

Caused by:
    Syntax Error

Import trace for 
requested module:
./src/components/admin/
AdminSidebar.tsx
./src/app/admin/layout.
tsx


> Build failed because 
of webpack errors
